// Jest Snapshot v1, https://goo.gl/fbAQLP

exports[`renders homepage unchanged 1`] = `
<main>
  <div>
    <label />
  </div>
  <br />
  <form
    onSubmit={[Function]}
  >
    <label>
      VIN:
      <input
        name="vin"
      />
    </label>
    <input
      type="submit"
      value="Submit"
    />
  </form>
  <div>
    <ul />
  </div>
</main>
`;
